// Jest Snapshot v1, https://goo.gl/fbAQLP

exports[`CityCard component CityCard snapshot 1`] = `
Object {
  "asFragment": [Function],
  "baseElement": <body>
    <div>
      <div
        class="MuiPaper-root MuiPaper-elevation MuiPaper-rounded MuiPaper-elevation1 MuiCard-root css-y1osw4-MuiPaper-root-MuiCard-root"
      >
        <button
          class="MuiButtonBase-root MuiCardActionArea-root css-b6lsxj-MuiButtonBase-root-MuiCardActionArea-root"
          tabindex="0"
          type="button"
        >
          <div
            class="MuiCardContent-root css-46bh2p-MuiCardContent-root"
          >
            <div
              class="MuiTypography-root MuiTypography-h5 MuiTypography-gutterBottom css-h93ljk-MuiTypography-root"
            >
              Zocca
            </div>
            <p
              class="MuiTypography-root MuiTypography-body1 css-ahj2mt-MuiTypography-root"
            >
              Country: 
              IT
            </p>
            <p
              class="MuiTypography-root MuiTypography-body1 css-ahj2mt-MuiTypography-root"
            >
              Temperature: 
              + 25
               째C /
               
              + 78
               째F
            </p>
            <p
              class="MuiTypography-root MuiTypography-body2 css-r40f8v-MuiTypography-root"
            >
              Weather: 
              Rain
            </p>
            <div>
              <img
                alt="Weather icon"
                id="wicon"
                src="http://openweathermap.org/img/w/10d.png"
              />
            </div>
          </div>
          <span
            class="MuiCardActionArea-focusHighlight css-1v2exvi-MuiCardActionArea-focusHighlight"
          />
          <span
            class="MuiTouchRipple-root css-8je8zh-MuiTouchRipple-root"
          />
        </button>
        <div
          class="MuiCardActions-root MuiCardActions-spacing css-1fjc5kp-MuiCardActions-root"
        >
          <button
            class="MuiButtonBase-root MuiButton-root MuiButton-text MuiButton-textPrimary MuiButton-sizeSmall MuiButton-textSizeSmall MuiButton-root MuiButton-text MuiButton-textPrimary MuiButton-sizeSmall MuiButton-textSizeSmall css-1knaqv7-MuiButtonBase-root-MuiButton-root"
            tabindex="0"
            type="button"
          >
            Refresh weather
            <span
              class="MuiTouchRipple-root css-8je8zh-MuiTouchRipple-root"
            />
          </button>
          <button
            class="MuiButtonBase-root MuiButton-root MuiButton-text MuiButton-textError MuiButton-sizeSmall MuiButton-textSizeSmall MuiButton-root MuiButton-text MuiButton-textError MuiButton-sizeSmall MuiButton-textSizeSmall css-6ekzlo-MuiButtonBase-root-MuiButton-root"
            tabindex="0"
            type="button"
          >
            Delete
            <span
              class="MuiTouchRipple-root css-8je8zh-MuiTouchRipple-root"
            />
          </button>
        </div>
      </div>
    </div>
  </body>,
  "container": <div>
    <div
      class="MuiPaper-root MuiPaper-elevation MuiPaper-rounded MuiPaper-elevation1 MuiCard-root css-y1osw4-MuiPaper-root-MuiCard-root"
    >
      <button
        class="MuiButtonBase-root MuiCardActionArea-root css-b6lsxj-MuiButtonBase-root-MuiCardActionArea-root"
        tabindex="0"
        type="button"
      >
        <div
          class="MuiCardContent-root css-46bh2p-MuiCardContent-root"
        >
          <div
            class="MuiTypography-root MuiTypography-h5 MuiTypography-gutterBottom css-h93ljk-MuiTypography-root"
          >
            Zocca
          </div>
          <p
            class="MuiTypography-root MuiTypography-body1 css-ahj2mt-MuiTypography-root"
          >
            Country: 
            IT
          </p>
          <p
            class="MuiTypography-root MuiTypography-body1 css-ahj2mt-MuiTypography-root"
          >
            Temperature: 
            + 25
             째C /
             
            + 78
             째F
          </p>
          <p
            class="MuiTypography-root MuiTypography-body2 css-r40f8v-MuiTypography-root"
          >
            Weather: 
            Rain
          </p>
          <div>
            <img
              alt="Weather icon"
              id="wicon"
              src="http://openweathermap.org/img/w/10d.png"
            />
          </div>
        </div>
        <span
          class="MuiCardActionArea-focusHighlight css-1v2exvi-MuiCardActionArea-focusHighlight"
        />
        <span
          class="MuiTouchRipple-root css-8je8zh-MuiTouchRipple-root"
        />
      </button>
      <div
        class="MuiCardActions-root MuiCardActions-spacing css-1fjc5kp-MuiCardActions-root"
      >
        <button
          class="MuiButtonBase-root MuiButton-root MuiButton-text MuiButton-textPrimary MuiButton-sizeSmall MuiButton-textSizeSmall MuiButton-root MuiButton-text MuiButton-textPrimary MuiButton-sizeSmall MuiButton-textSizeSmall css-1knaqv7-MuiButtonBase-root-MuiButton-root"
          tabindex="0"
          type="button"
        >
          Refresh weather
          <span
            class="MuiTouchRipple-root css-8je8zh-MuiTouchRipple-root"
          />
        </button>
        <button
          class="MuiButtonBase-root MuiButton-root MuiButton-text MuiButton-textError MuiButton-sizeSmall MuiButton-textSizeSmall MuiButton-root MuiButton-text MuiButton-textError MuiButton-sizeSmall MuiButton-textSizeSmall css-6ekzlo-MuiButtonBase-root-MuiButton-root"
          tabindex="0"
          type="button"
        >
          Delete
          <span
            class="MuiTouchRipple-root css-8je8zh-MuiTouchRipple-root"
          />
        </button>
      </div>
    </div>
  </div>,
  "debug": [Function],
  "findAllByAltText": [Function],
  "findAllByDisplayValue": [Function],
  "findAllByLabelText": [Function],
  "findAllByPlaceholderText": [Function],
  "findAllByRole": [Function],
  "findAllByTestId": [Function],
  "findAllByText": [Function],
  "findAllByTitle": [Function],
  "findByAltText": [Function],
  "findByDisplayValue": [Function],
  "findByLabelText": [Function],
  "findByPlaceholderText": [Function],
  "findByRole": [Function],
  "findByTestId": [Function],
  "findByText": [Function],
  "findByTitle": [Function],
  "getAllByAltText": [Function],
  "getAllByDisplayValue": [Function],
  "getAllByLabelText": [Function],
  "getAllByPlaceholderText": [Function],
  "getAllByRole": [Function],
  "getAllByTestId": [Function],
  "getAllByText": [Function],
  "getAllByTitle": [Function],
  "getByAltText": [Function],
  "getByDisplayValue": [Function],
  "getByLabelText": [Function],
  "getByPlaceholderText": [Function],
  "getByRole": [Function],
  "getByTestId": [Function],
  "getByText": [Function],
  "getByTitle": [Function],
  "queryAllByAltText": [Function],
  "queryAllByDisplayValue": [Function],
  "queryAllByLabelText": [Function],
  "queryAllByPlaceholderText": [Function],
  "queryAllByRole": [Function],
  "queryAllByTestId": [Function],
  "queryAllByText": [Function],
  "queryAllByTitle": [Function],
  "queryByAltText": [Function],
  "queryByDisplayValue": [Function],
  "queryByLabelText": [Function],
  "queryByPlaceholderText": [Function],
  "queryByRole": [Function],
  "queryByTestId": [Function],
  "queryByText": [Function],
  "queryByTitle": [Function],
  "rerender": [Function],
  "unmount": [Function],
}
`;
